2026-01-29 11:34:39,719 - INFO -       Found 10 cases. Downloading...
2026-01-29 11:35:11,004 - INFO -       Found 10 cases. Downloading...
2026-01-29 11:35:38,969 - INFO -       Found 10 cases. Downloading...
2026-01-29 11:36:07,451 - INFO -       Found 10 cases. Downloading...
2026-01-29 11:36:35,386 - INFO -       Found 10 cases. Downloading...
2026-01-29 11:37:01,250 - INFO -       Found 10 cases. Downloading...
2026-01-29 11:37:44,992 - INFO -       Found 10 cases. Downloading...
2026-01-29 11:38:12,442 - INFO -       Found 10 cases. Downloading...
2026-01-29 11:38:45,938 - INFO -       Found 10 cases. Downloading...
2026-01-29 11:39:16,310 - INFO -       Found 10 cases. Downloading...
2026-01-29 11:39:48,799 - INFO -       Found 10 cases. Downloading...
2026-01-29 11:40:33,501 - INFO -       Found 10 cases. Downloading...
2026-01-29 11:40:56,484 - INFO -       Found 10 cases. Downloading...
2026-01-29 11:40:58,396 - INFO -       Found 10 cases. Downloading...
2026-01-29 11:41:01,641 - INFO -       Found 10 cases. Downloading...
2026-01-29 11:41:04,708 - INFO -       Found 10 cases. Downloading...
2026-01-29 11:41:06,613 - INFO -       Found 10 cases. Downloading...
2026-01-29 11:41:13,298 - INFO -       Found 10 cases. Downloading...
2026-01-29 11:41:49,336 - INFO -       Found 10 cases. Downloading...
2026-01-29 11:42:32,521 - INFO -       Found 10 cases. Downloading...
2026-01-29 11:43:03,687 - INFO -       Found 10 cases. Downloading...
2026-01-29 11:43:35,141 - INFO -       Found 10 cases. Downloading...
2026-01-29 11:44:08,391 - INFO -       Found 10 cases. Downloading...
2026-01-29 11:44:38,424 - INFO -       Found 10 cases. Downloading...
2026-01-29 11:45:10,551 - INFO -       Found 10 cases. Downloading...
2026-01-29 11:45:42,983 - INFO -       Found 10 cases. Downloading...
2026-01-29 11:46:19,079 - INFO -       Found 10 cases. Downloading...
2026-01-29 11:46:51,495 - INFO -       Found 10 cases. Downloading...
2026-01-29 11:47:24,970 - INFO -       Found 10 cases. Downloading...
2026-01-29 11:48:14,051 - INFO -       Found 10 cases. Downloading...
2026-01-29 11:48:46,406 - INFO -       Found 10 cases. Downloading...
2026-01-29 11:49:21,109 - INFO -       Found 10 cases. Downloading...
2026-01-29 11:49:56,046 - INFO -       Found 10 cases. Downloading...
2026-01-29 11:50:27,868 - INFO -       Found 10 cases. Downloading...
2026-01-29 11:50:59,502 - INFO -       Found 10 cases. Downloading...
2026-01-29 11:51:29,489 - INFO -       Found 10 cases. Downloading...
2026-01-29 11:52:02,554 - INFO -       Found 10 cases. Downloading...
2026-01-29 11:52:37,268 - INFO -       Found 10 cases. Downloading...
2026-01-29 11:53:09,030 - INFO -       Found 10 cases. Downloading...
2026-01-29 11:53:53,607 - INFO -       Found 10 cases. Downloading...
2026-01-29 11:54:23,869 - INFO -       Found 10 cases. Downloading...
2026-01-29 11:55:25,688 - INFO -       Found 10 cases. Downloading...
2026-01-29 11:55:58,618 - INFO -       Found 10 cases. Downloading...
2026-01-29 11:56:27,572 - INFO -       Found 10 cases. Downloading...
2026-01-29 11:57:04,839 - INFO -       Found 10 cases. Downloading...
2026-01-29 11:57:44,844 - INFO -       Found 10 cases. Downloading...
2026-01-29 11:58:17,117 - INFO -       Found 10 cases. Downloading...
2026-01-29 11:58:48,246 - INFO -       Found 10 cases. Downloading...
2026-01-29 11:59:30,917 - INFO -       Found 10 cases. Downloading...
2026-01-29 12:00:04,530 - INFO -       Found 10 cases. Downloading...
2026-01-29 12:00:37,278 - INFO -       Found 10 cases. Downloading...
2026-01-29 12:01:09,106 - INFO -       Found 10 cases. Downloading...
2026-01-29 12:01:35,618 - INFO -       Found 0 cases. Downloading...
2026-01-29 12:01:38,931 - INFO -       Found 0 cases. Downloading...
2026-01-29 12:01:42,218 - INFO -       Found 0 cases. Downloading...
2026-01-29 12:01:44,158 - INFO -       Found 0 cases. Downloading...
2026-01-29 12:01:46,847 - INFO -       Found 0 cases. Downloading...
2026-01-29 12:01:50,125 - INFO -       Found 0 cases. Downloading...
2026-01-29 12:01:52,297 - INFO -       Found 0 cases. Downloading...
2026-01-29 12:01:54,086 - INFO -       Found 0 cases. Downloading...
2026-01-29 12:02:09,781 - INFO -       Found 0 cases. Downloading...
2026-01-29 12:02:11,295 - INFO -       Found 0 cases. Downloading...
2026-01-29 12:02:13,330 - INFO -       Found 0 cases. Downloading...
2026-01-29 12:02:14,923 - INFO -       Found 0 cases. Downloading...
2026-01-29 12:02:17,435 - INFO -       Found 0 cases. Downloading...
2026-01-29 12:02:19,311 - INFO -       Found 0 cases. Downloading...
2026-01-29 12:02:21,270 - INFO -       Found 0 cases. Downloading...
2026-01-29 12:02:22,876 - INFO -       Found 0 cases. Downloading...
2026-01-29 12:02:25,410 - INFO -       Found 0 cases. Downloading...
2026-01-29 12:02:27,513 - INFO -       Found 0 cases. Downloading...
2026-01-29 12:02:30,514 - INFO -       Found 0 cases. Downloading...
2026-01-29 12:02:32,948 - INFO -       Found 0 cases. Downloading...
2026-01-29 12:02:35,813 - INFO -       Found 0 cases. Downloading...
2026-01-29 12:02:37,414 - INFO -       Found 0 cases. Downloading...
2026-01-29 12:02:39,428 - INFO -       Found 0 cases. Downloading...
2026-01-29 12:03:46,765 - INFO -       Found 0 cases. Downloading...
2026-01-29 12:03:49,588 - INFO -       Found 0 cases. Downloading...
2026-01-29 12:03:52,603 - INFO -       Found 0 cases. Downloading...
2026-01-29 12:03:54,253 - INFO -       Found 0 cases. Downloading...
2026-01-29 12:03:57,396 - INFO -       Found 0 cases. Downloading...
2026-01-29 12:03:59,139 - INFO -       Found 0 cases. Downloading...
2026-01-29 12:04:01,843 - INFO -       Found 0 cases. Downloading...
2026-01-29 12:04:03,801 - INFO -       Found 0 cases. Downloading...
2026-01-29 12:04:07,007 - INFO -       Found 0 cases. Downloading...
2026-01-29 12:04:09,964 - INFO -       Found 0 cases. Downloading...
2026-01-29 12:04:11,712 - INFO -       Found 0 cases. Downloading...
2026-01-29 12:04:14,785 - INFO -       Found 0 cases. Downloading...
2026-01-29 12:04:16,534 - INFO -       Found 0 cases. Downloading...
2026-01-29 12:04:20,449 - INFO -       Found 0 cases. Downloading...
2026-01-29 12:04:21,985 - INFO -       Found 0 cases. Downloading...
2026-01-29 12:04:23,962 - INFO -       Found 0 cases. Downloading...
2026-01-29 12:04:26,381 - INFO -       Found 0 cases. Downloading...
2026-01-29 12:04:28,048 - INFO -       Found 0 cases. Downloading...
2026-01-29 12:04:30,895 - INFO -       Found 0 cases. Downloading...
2026-01-29 12:04:32,671 - INFO -       Found 0 cases. Downloading...
2026-01-29 12:05:39,334 - INFO -       Found 0 cases. Downloading...
2026-01-29 12:05:42,603 - INFO -       Found 0 cases. Downloading...
2026-01-29 12:05:45,832 - INFO -       Found 0 cases. Downloading...
2026-01-29 12:05:47,953 - INFO -       Found 0 cases. Downloading...
2026-01-29 12:05:51,149 - INFO -       Found 0 cases. Downloading...
2026-01-29 12:05:52,781 - INFO -       Found 0 cases. Downloading...
2026-01-29 12:05:54,866 - INFO -       Found 0 cases. Downloading...
2026-01-29 12:05:57,437 - INFO -       Found 0 cases. Downloading...
2026-01-29 12:06:00,780 - INFO -       Found 0 cases. Downloading...
2026-01-29 12:06:02,260 - INFO -       Found 0 cases. Downloading...
2026-01-29 12:06:04,295 - INFO -       Found 0 cases. Downloading...
2026-01-29 12:06:06,093 - INFO -       Found 0 cases. Downloading...
2026-01-29 12:06:07,820 - INFO -       Found 0 cases. Downloading...
2026-01-29 12:06:10,900 - INFO -       Found 0 cases. Downloading...
2026-01-29 12:06:12,810 - INFO -       Found 0 cases. Downloading...
2026-01-29 12:06:14,760 - INFO -       Found 0 cases. Downloading...
2026-01-29 12:06:17,378 - INFO -       Found 0 cases. Downloading...
2026-01-29 12:06:20,599 - INFO -       Found 0 cases. Downloading...
2026-01-29 12:06:22,829 - INFO -       Found 0 cases. Downloading...
2026-01-29 12:06:24,393 - INFO -       Found 0 cases. Downloading...
2026-01-29 12:06:25,965 - INFO -       Found 0 cases. Downloading...
2026-01-29 12:06:28,738 - INFO -       Found 0 cases. Downloading...
2026-01-29 12:07:34,197 - INFO -       Found 0 cases. Downloading...
2026-01-29 12:07:36,487 - INFO -       Found 0 cases. Downloading...
2026-01-29 12:07:39,264 - INFO -       Found 0 cases. Downloading...
2026-01-29 12:07:40,753 - INFO -       Found 0 cases. Downloading...
2026-01-29 12:07:43,363 - INFO -       Found 0 cases. Downloading...
2026-01-29 12:07:45,377 - INFO -       Found 0 cases. Downloading...
2026-01-29 12:07:47,316 - INFO -       Found 0 cases. Downloading...
2026-01-29 12:07:49,347 - INFO -       Found 0 cases. Downloading...
2026-01-29 12:07:51,475 - INFO -       Found 0 cases. Downloading...
2026-01-29 12:07:53,645 - INFO -       Found 0 cases. Downloading...
2026-01-29 12:07:56,316 - INFO -       Found 0 cases. Downloading...
2026-01-29 12:07:58,872 - INFO -       Found 0 cases. Downloading...
2026-01-29 12:08:01,674 - INFO -       Found 0 cases. Downloading...
2026-01-29 12:08:03,305 - INFO -       Found 0 cases. Downloading...
2026-01-29 12:08:17,113 - INFO -       Found 0 cases. Downloading...
2026-01-29 12:08:19,343 - INFO -       Found 0 cases. Downloading...
2026-01-29 12:08:34,255 - INFO -       Found 0 cases. Downloading...
2026-01-29 12:08:36,484 - INFO -       Found 0 cases. Downloading...
2026-01-29 12:08:37,965 - INFO -       Found 0 cases. Downloading...
2026-01-29 12:08:40,112 - INFO -       Found 0 cases. Downloading...
2026-01-29 12:08:43,501 - INFO -       Found 0 cases. Downloading...
2026-01-29 12:08:45,731 - INFO -       Found 0 cases. Downloading...
2026-01-29 12:08:47,547 - INFO -       Found 0 cases. Downloading...
2026-01-29 12:08:49,830 - INFO -       Found 0 cases. Downloading...
2026-01-29 12:08:52,666 - INFO -       Found 0 cases. Downloading...
2026-01-29 12:08:54,061 - INFO -       Found 0 cases. Downloading...
2026-01-29 12:08:56,203 - INFO -       Found 0 cases. Downloading...
2026-01-29 12:08:58,078 - INFO -       Found 0 cases. Downloading...
2026-01-29 12:08:59,975 - INFO -       Found 0 cases. Downloading...
2026-01-29 12:09:02,491 - INFO -       Found 0 cases. Downloading...
2026-01-29 12:10:07,846 - INFO -       Found 0 cases. Downloading...
2026-01-29 12:10:09,351 - INFO -       Found 0 cases. Downloading...
2026-01-29 12:10:26,223 - INFO -       Found 0 cases. Downloading...
2026-01-29 12:10:27,909 - INFO -       Found 0 cases. Downloading...
2026-01-29 12:10:30,630 - INFO -       Found 0 cases. Downloading...
2026-01-29 12:10:33,331 - INFO -       Found 0 cases. Downloading...
2026-01-29 12:10:35,546 - INFO -       Found 0 cases. Downloading...
2026-01-29 12:10:36,920 - INFO -       Found 0 cases. Downloading...
2026-01-29 12:10:40,281 - INFO -       Found 0 cases. Downloading...
2026-01-29 12:10:41,798 - INFO -       Found 0 cases. Downloading...
2026-01-29 12:10:43,762 - INFO -       Found 0 cases. Downloading...
2026-01-29 12:10:46,728 - INFO -       Found 0 cases. Downloading...
2026-01-29 12:10:48,204 - INFO -       Found 0 cases. Downloading...
2026-01-29 12:11:02,124 - INFO -       Found 0 cases. Downloading...
2026-01-29 12:11:05,199 - INFO -       Found 0 cases. Downloading...
2026-01-29 12:11:07,504 - INFO -       Found 0 cases. Downloading...
2026-01-29 12:11:09,720 - INFO -       Found 0 cases. Downloading...
2026-01-29 12:11:11,334 - INFO -       Found 0 cases. Downloading...
2026-01-29 12:11:12,691 - INFO -       Found 0 cases. Downloading...
2026-01-29 12:11:28,796 - INFO -       Found 0 cases. Downloading...
2026-01-29 12:11:30,459 - INFO -       Found 0 cases. Downloading...
2026-01-29 12:11:32,329 - INFO -       Found 0 cases. Downloading...
2026-01-29 12:11:34,797 - INFO -       Found 0 cases. Downloading...
2026-01-29 12:11:37,468 - INFO -       Found 0 cases. Downloading...
2026-01-29 12:11:40,020 - INFO -       Found 0 cases. Downloading...
2026-01-29 12:11:43,815 - INFO -       Found 0 cases. Downloading...
2026-01-29 12:11:45,468 - INFO -       Found 0 cases. Downloading...
2026-01-29 12:11:47,339 - INFO -       Found 0 cases. Downloading...
2026-01-29 12:11:50,255 - INFO -       Found 0 cases. Downloading...
2026-01-29 12:11:52,314 - INFO -       Found 0 cases. Downloading...
2026-01-29 12:11:55,396 - INFO -       Found 0 cases. Downloading...
2026-01-29 12:11:57,266 - INFO -       Found 0 cases. Downloading...
2026-01-29 12:12:12,017 - INFO -       Found 0 cases. Downloading...
2026-01-29 12:12:15,351 - INFO -       Found 0 cases. Downloading...
2026-01-29 12:12:18,158 - INFO -       Found 0 cases. Downloading...
2026-01-29 12:12:21,147 - INFO -       Found 0 cases. Downloading...
2026-01-29 12:12:24,309 - INFO -       Found 0 cases. Downloading...
2026-01-29 12:12:26,623 - INFO -       Found 0 cases. Downloading...
2026-01-29 12:12:28,370 - INFO -       Found 0 cases. Downloading...
2026-01-29 12:12:30,089 - INFO -       Found 0 cases. Downloading...
2026-01-29 12:12:32,924 - INFO -       Found 0 cases. Downloading...
2026-01-29 12:12:35,163 - INFO -       Found 0 cases. Downloading...
2026-01-29 12:12:38,194 - INFO -       Found 0 cases. Downloading...
2026-01-29 12:12:53,351 - INFO -       Found 0 cases. Downloading...
2026-01-29 12:12:54,715 - INFO -       Found 0 cases. Downloading...
2026-01-29 12:13:10,144 - INFO -       Found 0 cases. Downloading...
2026-01-29 12:13:12,968 - INFO -       Found 0 cases. Downloading...
2026-01-29 12:13:15,513 - INFO -       Found 0 cases. Downloading...
2026-01-29 12:13:18,434 - INFO -       Found 0 cases. Downloading...
2026-01-29 12:13:19,887 - INFO -       Found 0 cases. Downloading...
2026-01-29 12:13:22,973 - INFO -       Found 0 cases. Downloading...
2026-01-29 12:13:24,602 - INFO -       Found 0 cases. Downloading...
2026-01-29 12:13:26,592 - INFO -       Found 0 cases. Downloading...
2026-01-29 12:13:28,574 - INFO -       Found 0 cases. Downloading...
2026-01-29 12:13:30,506 - INFO -       Found 0 cases. Downloading...
2026-01-29 12:13:37,413 - INFO -       Found 0 cases. Downloading...
2026-01-29 12:13:39,315 - INFO -       Found 0 cases. Downloading...
2026-01-29 12:13:41,236 - INFO -       Found 0 cases. Downloading...
2026-01-29 12:13:43,267 - INFO -       Found 0 cases. Downloading...
2026-01-29 12:13:45,891 - INFO -       Found 0 cases. Downloading...
2026-01-29 12:13:47,286 - INFO -       Found 0 cases. Downloading...
2026-01-29 12:13:49,952 - INFO -       Found 0 cases. Downloading...
2026-01-29 12:14:06,313 - INFO -       Found 0 cases. Downloading...
2026-01-29 12:14:08,795 - INFO -       Found 0 cases. Downloading...
2026-01-29 12:14:10,624 - INFO -       Found 0 cases. Downloading...
2026-01-29 12:14:12,838 - INFO -       Found 0 cases. Downloading...
2026-01-29 12:14:16,118 - INFO -       Found 0 cases. Downloading...
2026-01-29 12:14:18,246 - INFO -       Found 0 cases. Downloading...
2026-01-29 12:14:19,641 - INFO -       Found 0 cases. Downloading...
2026-01-29 12:14:22,907 - INFO -       Found 0 cases. Downloading...
2026-01-29 12:14:24,477 - INFO -       Found 0 cases. Downloading...
2026-01-29 12:14:26,999 - INFO -       Found 0 cases. Downloading...
2026-01-29 12:14:28,924 - INFO -       Found 0 cases. Downloading...
2026-01-29 12:14:30,389 - INFO -       Found 0 cases. Downloading...
2026-01-29 12:14:32,189 - INFO -       Found 0 cases. Downloading...
2026-01-29 12:14:34,880 - INFO -       Found 0 cases. Downloading...
2026-01-29 12:14:37,702 - INFO -       Found 0 cases. Downloading...
2026-01-29 12:14:39,323 - INFO -       Found 0 cases. Downloading...
2026-01-29 12:14:41,973 - INFO -       Found 0 cases. Downloading...
2026-01-29 12:14:43,443 - INFO -       Found 0 cases. Downloading...
2026-01-29 12:15:48,516 - INFO -       Found 0 cases. Downloading...
2026-01-29 12:15:50,074 - INFO -       Found 0 cases. Downloading...
2026-01-29 12:15:53,234 - INFO -       Found 0 cases. Downloading...
2026-01-29 12:15:55,808 - INFO -       Found 0 cases. Downloading...
2026-01-29 12:15:57,389 - INFO -       Found 0 cases. Downloading...
2026-01-29 12:15:59,187 - INFO -       Found 0 cases. Downloading...
2026-01-29 12:16:01,861 - INFO -       Found 0 cases. Downloading...
2026-01-29 12:16:04,977 - INFO -       Found 0 cases. Downloading...
2026-01-29 12:16:06,453 - INFO -       Found 0 cases. Downloading...
2026-01-29 12:16:08,092 - INFO -       Found 0 cases. Downloading...
2026-01-29 12:16:09,778 - INFO -       Found 0 cases. Downloading...
2026-01-29 12:16:11,776 - INFO -       Found 0 cases. Downloading...
2026-01-29 12:16:15,036 - INFO -       Found 0 cases. Downloading...
2026-01-29 12:16:17,501 - INFO -       Found 0 cases. Downloading...
2026-01-29 12:16:19,125 - INFO -       Found 0 cases. Downloading...
2026-01-29 12:16:21,418 - INFO -       Found 0 cases. Downloading...
2026-01-29 12:16:23,171 - INFO -       Found 0 cases. Downloading...
2026-01-29 12:16:25,353 - INFO -       Found 0 cases. Downloading...
2026-01-29 12:16:26,816 - INFO -       Found 0 cases. Downloading...
2026-01-29 12:16:28,618 - INFO -       Found 0 cases. Downloading...
2026-01-29 12:17:35,223 - INFO -       Found 0 cases. Downloading...
2026-01-29 12:17:37,413 - INFO -       Found 0 cases. Downloading...
2026-01-29 12:17:40,359 - INFO -       Found 0 cases. Downloading...
2026-01-29 12:17:43,391 - INFO -       Found 0 cases. Downloading...
2026-01-29 12:17:45,128 - INFO -       Found 0 cases. Downloading...
2026-01-29 12:17:46,500 - INFO -       Found 0 cases. Downloading...
2026-01-29 12:17:47,983 - INFO -       Found 0 cases. Downloading...
2026-01-29 12:17:50,469 - INFO -       Found 0 cases. Downloading...
2026-01-29 12:17:52,064 - INFO -       Found 0 cases. Downloading...
2026-01-29 12:17:54,513 - INFO -       Found 0 cases. Downloading...
2026-01-29 12:17:57,318 - INFO -       Found 0 cases. Downloading...
2026-01-29 12:17:59,970 - INFO -       Found 0 cases. Downloading...
2026-01-29 12:18:02,423 - INFO -       Found 0 cases. Downloading...
2026-01-29 12:18:04,141 - INFO -       Found 0 cases. Downloading...
2026-01-29 12:18:07,095 - INFO -       Found 0 cases. Downloading...
2026-01-29 12:18:09,163 - INFO -       Found 0 cases. Downloading...
2026-01-29 12:18:12,078 - INFO -       Found 0 cases. Downloading...
2026-01-29 12:18:13,581 - INFO -       Found 0 cases. Downloading...
2026-01-29 12:18:16,331 - INFO -       Found 0 cases. Downloading...
2026-01-29 12:18:18,419 - INFO -       Found 0 cases. Downloading...
2026-01-29 12:18:20,702 - INFO -       Found 0 cases. Downloading...
2026-01-29 12:18:24,027 - INFO -       Found 0 cases. Downloading...
2026-01-29 12:18:25,924 - INFO -       Found 0 cases. Downloading...
2026-01-29 12:19:31,285 - INFO -       Found 0 cases. Downloading...
2026-01-29 12:19:33,369 - INFO -       Found 0 cases. Downloading...
2026-01-29 12:19:35,912 - INFO -       Found 0 cases. Downloading...
2026-01-29 12:19:37,964 - INFO -       Found 0 cases. Downloading...
2026-01-29 12:19:40,974 - INFO -       Found 0 cases. Downloading...
2026-01-29 12:19:43,273 - INFO -       Found 0 cases. Downloading...
2026-01-29 12:19:46,003 - INFO -       Found 0 cases. Downloading...
2026-01-29 12:19:48,501 - INFO -       Found 0 cases. Downloading...
2026-01-29 12:19:50,422 - INFO -       Found 0 cases. Downloading...
2026-01-29 12:19:52,261 - INFO -       Found 0 cases. Downloading...
2026-01-29 12:19:55,055 - INFO -       Found 0 cases. Downloading...
2026-01-29 12:19:57,444 - INFO -       Found 0 cases. Downloading...
2026-01-29 12:19:59,982 - INFO -       Found 0 cases. Downloading...
2026-01-29 12:20:02,272 - INFO -       Found 0 cases. Downloading...
2026-01-29 12:20:04,212 - INFO -       Found 0 cases. Downloading...
2026-01-29 12:20:19,874 - INFO -       Found 0 cases. Downloading...
2026-01-29 12:20:22,962 - INFO -       Found 0 cases. Downloading...
2026-01-29 12:20:24,949 - INFO -       Found 0 cases. Downloading...
2026-01-29 12:20:27,026 - INFO -       Found 0 cases. Downloading...
2026-01-29 12:20:29,593 - INFO -       Found 0 cases. Downloading...
2026-01-29 12:20:31,045 - INFO -       Found 0 cases. Downloading...
2026-01-29 12:20:33,495 - INFO -       Found 0 cases. Downloading...
2026-01-29 12:20:35,234 - INFO -       Found 0 cases. Downloading...
2026-01-29 12:20:50,642 - INFO -       Found 0 cases. Downloading...
2026-01-29 12:20:52,265 - INFO -       Found 0 cases. Downloading...
2026-01-29 12:20:55,472 - INFO -       Found 0 cases. Downloading...
2026-01-29 12:20:58,347 - INFO -       Found 0 cases. Downloading...
2026-01-29 12:21:00,944 - INFO -       Found 0 cases. Downloading...
2026-01-29 12:21:03,877 - INFO -       Found 0 cases. Downloading...
2026-01-29 12:21:07,134 - INFO -       Found 0 cases. Downloading...
2026-01-29 12:21:08,832 - INFO -       Found 0 cases. Downloading...
2026-01-29 12:21:11,531 - INFO -       Found 0 cases. Downloading...
2026-01-29 12:21:14,313 - INFO -       Found 0 cases. Downloading...
2026-01-29 12:21:17,617 - INFO -       Found 0 cases. Downloading...
2026-01-29 12:21:19,168 - INFO -       Found 0 cases. Downloading...
2026-01-29 12:21:20,955 - INFO -       Found 0 cases. Downloading...
2026-01-29 12:21:22,451 - INFO -       Found 0 cases. Downloading...
2026-01-29 12:21:24,421 - INFO -       Found 0 cases. Downloading...
2026-01-29 12:22:30,182 - INFO -       Found 0 cases. Downloading...
2026-01-29 12:22:32,440 - INFO -       Found 0 cases. Downloading...
2026-01-29 12:22:34,772 - INFO -       Found 0 cases. Downloading...
2026-01-29 12:22:36,327 - INFO -       Found 0 cases. Downloading...
2026-01-29 12:22:39,155 - INFO -       Found 0 cases. Downloading...
2026-01-29 12:22:41,015 - INFO -       Found 0 cases. Downloading...
2026-01-29 12:22:43,290 - INFO -       Found 0 cases. Downloading...
2026-01-29 12:22:44,750 - INFO -       Found 0 cases. Downloading...
2026-01-29 12:22:47,318 - INFO -       Found 0 cases. Downloading...
2026-01-29 12:22:49,734 - INFO -       Found 0 cases. Downloading...
2026-01-29 12:22:52,467 - INFO -       Found 0 cases. Downloading...
2026-01-29 12:22:54,715 - INFO -       Found 0 cases. Downloading...
2026-01-29 12:22:57,485 - INFO -       Found 0 cases. Downloading...
2026-01-29 12:22:59,685 - INFO -       Found 0 cases. Downloading...
2026-01-29 12:23:01,486 - INFO -       Found 0 cases. Downloading...
2026-01-29 12:23:03,311 - INFO -       Found 0 cases. Downloading...
2026-01-29 12:23:05,342 - INFO -       Found 0 cases. Downloading...
2026-01-29 12:23:08,410 - INFO -       Found 0 cases. Downloading...
2026-01-29 12:23:11,651 - INFO -       Found 0 cases. Downloading...
2026-01-29 12:23:12,983 - INFO -       Found 0 cases. Downloading...
2026-01-29 12:23:15,892 - INFO -       Found 0 cases. Downloading...
2026-01-29 12:23:17,721 - INFO -       Found 0 cases. Downloading...
2026-01-29 12:23:19,262 - INFO -       Found 0 cases. Downloading...
2026-01-29 12:23:22,132 - INFO -       Found 0 cases. Downloading...
2026-01-29 12:23:25,376 - INFO -       Found 0 cases. Downloading...
2026-01-29 12:23:26,952 - INFO -       Found 0 cases. Downloading...
2026-01-29 12:24:30,997 - INFO -       Found 0 cases. Downloading...
2026-01-29 12:24:32,734 - INFO -       Found 0 cases. Downloading...
2026-01-29 12:24:34,758 - INFO -       Found 0 cases. Downloading...
2026-01-29 12:24:51,160 - INFO -       Found 0 cases. Downloading...
2026-01-29 12:24:53,241 - INFO -       Found 0 cases. Downloading...
2026-01-29 12:24:55,632 - INFO -       Found 0 cases. Downloading...
2026-01-29 12:24:57,858 - INFO -       Found 0 cases. Downloading...
2026-01-29 12:24:59,897 - INFO -       Found 0 cases. Downloading...
2026-01-29 12:25:02,561 - INFO -       Found 0 cases. Downloading...
2026-01-29 12:25:04,363 - INFO -       Found 0 cases. Downloading...
2026-01-29 12:25:20,412 - INFO -       Found 0 cases. Downloading...
2026-01-29 12:25:23,623 - INFO -       Found 0 cases. Downloading...
2026-01-29 12:25:26,101 - INFO -       Found 0 cases. Downloading...
2026-01-29 12:25:28,000 - INFO -       Found 0 cases. Downloading...
2026-01-29 12:25:29,453 - INFO -       Found 0 cases. Downloading...
2026-01-29 12:25:32,748 - INFO -       Found 0 cases. Downloading...
2026-01-29 12:25:35,701 - INFO -       Found 0 cases. Downloading...
2026-01-29 12:25:38,519 - INFO -       Found 0 cases. Downloading...
2026-01-29 12:25:41,563 - INFO -       Found 0 cases. Downloading...
2026-01-29 12:25:43,798 - INFO -       Found 0 cases. Downloading...
2026-01-29 12:25:47,050 - INFO -       Found 0 cases. Downloading...
2026-01-29 12:25:49,761 - INFO -       Found 0 cases. Downloading...
2026-01-29 12:25:52,660 - INFO -       Found 0 cases. Downloading...
2026-01-29 12:25:54,340 - INFO -       Found 0 cases. Downloading...
2026-01-29 12:25:56,001 - INFO -       Found 0 cases. Downloading...
2026-01-29 12:25:57,651 - INFO -       Found 0 cases. Downloading...
2026-01-29 12:26:00,344 - INFO -       Found 0 cases. Downloading...
2026-01-29 12:26:02,351 - INFO -       Found 0 cases. Downloading...
2026-01-29 12:26:04,156 - INFO -       Found 0 cases. Downloading...
2026-01-29 12:26:06,366 - INFO -       Found 0 cases. Downloading...
2026-01-29 12:27:10,217 - INFO -       Found 0 cases. Downloading...
2026-01-29 12:27:13,203 - INFO -       Found 0 cases. Downloading...
2026-01-29 12:27:14,956 - INFO -       Found 0 cases. Downloading...
2026-01-29 12:27:18,290 - INFO -       Found 0 cases. Downloading...
2026-01-29 12:27:20,531 - INFO -       Found 0 cases. Downloading...
2026-01-29 12:27:22,343 - INFO -       Found 0 cases. Downloading...
2026-01-29 12:27:25,041 - INFO -       Found 0 cases. Downloading...
2026-01-29 12:27:39,111 - INFO -       Found 0 cases. Downloading...
2026-01-29 12:27:40,578 - INFO -       Found 0 cases. Downloading...
2026-01-29 12:27:41,968 - INFO -       Found 0 cases. Downloading...
2026-01-29 12:27:44,500 - INFO -       Found 0 cases. Downloading...
2026-01-29 12:27:48,563 - INFO -       Found 0 cases. Downloading...
2026-01-29 12:27:51,125 - INFO -       Found 0 cases. Downloading...
2026-01-29 12:27:53,259 - INFO -       Found 0 cases. Downloading...
2026-01-29 12:27:54,898 - INFO -       Found 0 cases. Downloading...
2026-01-29 12:27:57,469 - INFO -       Found 0 cases. Downloading...
2026-01-29 12:28:00,343 - INFO -       Found 0 cases. Downloading...
2026-01-29 12:28:02,171 - INFO -       Found 0 cases. Downloading...
2026-01-29 12:28:05,447 - INFO -       Found 0 cases. Downloading...
2026-01-29 12:28:07,256 - INFO -       Found 0 cases. Downloading...
2026-01-29 12:28:10,445 - INFO -       Found 0 cases. Downloading...
2026-01-29 12:28:12,693 - INFO -       Found 0 cases. Downloading...
2026-01-29 12:28:14,359 - INFO -       Found 0 cases. Downloading...
2026-01-29 12:28:16,605 - INFO -       Found 0 cases. Downloading...
2026-01-29 12:28:19,762 - INFO -       Found 0 cases. Downloading...
2026-01-29 12:28:21,890 - INFO -       Found 0 cases. Downloading...
2026-01-29 12:28:23,829 - INFO -       Found 0 cases. Downloading...
2026-01-29 12:28:26,254 - INFO -       Found 0 cases. Downloading...
2026-01-29 12:30:37,192 - 🚀 Starting Stealth Ingestion...
2026-01-29 12:30:37,192 - 🔎 Domain: IPC
2026-01-29 12:30:37,192 -    📄 Scanning Page 0...
2026-01-29 12:30:45,242 - ❌ Network error: HTTPSConnectionPool(host='indiankanoon.org', port=443): Max retries exceeded with url: /search/?formInput=bail%20IPC%20doctypes:highcourts&pagenum=0 (Caused by SSLError(SSLEOFError(8, 'EOF occurred in violation of protocol (_ssl.c:1007)')))
2026-01-29 12:31:01,837 - ❌ Network error: HTTPSConnectionPool(host='indiankanoon.org', port=443): Max retries exceeded with url: /search/?formInput=bail%20IPC%20doctypes:highcourts&pagenum=0 (Caused by SSLError(SSLEOFError(8, 'EOF occurred in violation of protocol (_ssl.c:1007)')))
2026-01-29 12:31:17,094 - ❌ Network error: HTTPSConnectionPool(host='indiankanoon.org', port=443): Max retries exceeded with url: /search/?formInput=bail%20IPC%20doctypes:highcourts&pagenum=0 (Caused by SSLError(SSLEOFError(8, 'EOF occurred in violation of protocol (_ssl.c:1007)')))
2026-01-29 12:32:04,052 - 🚀 Starting Stealth Ingestion...
2026-01-29 12:32:04,055 - 🔎 Domain: IPC
2026-01-29 12:32:04,055 -    📄 Scanning Page 0...
2026-01-29 12:32:08,787 - ❌ Network error: HTTPSConnectionPool(host='indiankanoon.org', port=443): Max retries exceeded with url: /search/?formInput=bail%20IPC%20doctypes:highcourts&pagenum=0 (Caused by SSLError(SSLEOFError(8, 'EOF occurred in violation of protocol (_ssl.c:1007)')))
2026-01-29 12:32:26,496 - ❌ Network error: HTTPSConnectionPool(host='indiankanoon.org', port=443): Max retries exceeded with url: /search/?formInput=bail%20IPC%20doctypes:highcourts&pagenum=0 (Caused by SSLError(SSLEOFError(8, 'EOF occurred in violation of protocol (_ssl.c:1007)')))
2026-01-29 12:32:41,239 - ❌ Network error: HTTPSConnectionPool(host='indiankanoon.org', port=443): Max retries exceeded with url: /search/?formInput=bail%20IPC%20doctypes:highcourts&pagenum=0 (Caused by SSLError(SSLEOFError(8, 'EOF occurred in violation of protocol (_ssl.c:1007)')))
2026-01-29 12:32:56,946 - ❌ Network error: HTTPSConnectionPool(host='indiankanoon.org', port=443): Max retries exceeded with url: /search/?formInput=bail%20IPC%20doctypes:highcourts&pagenum=0 (Caused by SSLError(SSLEOFError(8, 'EOF occurred in violation of protocol (_ssl.c:1007)')))
2026-01-29 12:33:11,049 - ❌ Network error: HTTPSConnectionPool(host='indiankanoon.org', port=443): Max retries exceeded with url: /search/?formInput=bail%20IPC%20doctypes:highcourts&pagenum=0 (Caused by SSLError(SSLEOFError(8, 'EOF occurred in violation of protocol (_ssl.c:1007)')))
2026-01-29 12:33:21,056 -    📄 Scanning Page 1...
2026-01-29 12:33:28,343 - ❌ Network error: HTTPSConnectionPool(host='indiankanoon.org', port=443): Max retries exceeded with url: /search/?formInput=bail%20IPC%20doctypes:highcourts&pagenum=1 (Caused by SSLError(SSLEOFError(8, 'EOF occurred in violation of protocol (_ssl.c:1007)')))
2026-01-29 12:33:45,683 - ❌ Network error: HTTPSConnectionPool(host='indiankanoon.org', port=443): Max retries exceeded with url: /search/?formInput=bail%20IPC%20doctypes:highcourts&pagenum=1 (Caused by SSLError(SSLEOFError(8, 'EOF occurred in violation of protocol (_ssl.c:1007)')))
2026-01-29 12:34:02,246 - ❌ Network error: HTTPSConnectionPool(host='indiankanoon.org', port=443): Max retries exceeded with url: /search/?formInput=bail%20IPC%20doctypes:highcourts&pagenum=1 (Caused by SSLError(SSLEOFError(8, 'EOF occurred in violation of protocol (_ssl.c:1007)')))
2026-01-29 12:34:18,143 - ❌ Network error: HTTPSConnectionPool(host='indiankanoon.org', port=443): Max retries exceeded with url: /search/?formInput=bail%20IPC%20doctypes:highcourts&pagenum=1 (Caused by SSLError(SSLEOFError(8, 'EOF occurred in violation of protocol (_ssl.c:1007)')))
2026-01-29 12:34:35,830 - ❌ Network error: HTTPSConnectionPool(host='indiankanoon.org', port=443): Max retries exceeded with url: /search/?formInput=bail%20IPC%20doctypes:highcourts&pagenum=1 (Caused by SSLError(SSLEOFError(8, 'EOF occurred in violation of protocol (_ssl.c:1007)')))
2026-01-29 12:34:45,845 -    📄 Scanning Page 2...
2026-01-29 12:34:59,035 - 🚀 Starting Stealth Ingestion...
2026-01-29 12:34:59,038 - 🔎 Domain: IPC
2026-01-29 12:34:59,038 -    📄 Scanning Page 0...
2026-01-29 12:35:03,672 -       Found 10 cases. Downloading...
2026-01-29 12:36:16,657 - 🚀 Starting Robust Ingestion...
2026-01-29 12:36:16,657 - 🔎 Domain: IPC
2026-01-29 12:36:16,657 -    📄 Scanning Page 0...
2026-01-29 12:36:21,175 -       ⚠️ No valid cases on Page 0
2026-01-29 12:36:21,176 -    📄 Scanning Page 1...
2026-01-29 12:36:24,768 -       ⚠️ No valid cases on Page 1
2026-01-29 12:36:24,768 -    📄 Scanning Page 2...
2026-01-29 12:36:28,072 -       ⚠️ No valid cases on Page 2
2026-01-29 12:36:28,072 - 🛑 No more results for IPC. Moving to next.
2026-01-29 12:36:28,072 - 🔎 Domain: NDPS
2026-01-29 12:36:28,072 -    📄 Scanning Page 0...
2026-01-29 12:36:30,936 -       ⚠️ No valid cases on Page 0
2026-01-29 12:36:30,936 -    📄 Scanning Page 1...
2026-01-29 12:36:34,803 -       ⚠️ No valid cases on Page 1
2026-01-29 12:36:34,808 -    📄 Scanning Page 2...
2026-01-29 12:36:38,287 -       ⚠️ No valid cases on Page 2
2026-01-29 12:36:38,287 - 🛑 No more results for NDPS. Moving to next.
2026-01-29 12:36:38,287 - 🔎 Domain: POCSO
2026-01-29 12:36:38,287 -    📄 Scanning Page 0...
2026-01-29 12:36:43,734 -       ⚠️ No valid cases on Page 0
2026-01-29 12:36:43,734 -    📄 Scanning Page 1...
2026-01-29 12:36:48,530 -       ⚠️ No valid cases on Page 1
2026-01-29 12:36:48,530 -    📄 Scanning Page 2...
2026-01-29 12:36:52,358 -       ⚠️ No valid cases on Page 2
2026-01-29 12:36:52,358 - 🛑 No more results for POCSO. Moving to next.
2026-01-29 12:36:52,358 - 🔎 Domain: UAPA
2026-01-29 12:36:52,358 -    📄 Scanning Page 0...
2026-01-29 12:36:58,152 -       ⚠️ No valid cases on Page 0
2026-01-29 12:36:58,152 -    📄 Scanning Page 1...
2026-01-29 12:37:04,061 -       ⚠️ No valid cases on Page 1
2026-01-29 12:37:04,069 -    📄 Scanning Page 2...
2026-01-29 12:37:07,759 -       ⚠️ No valid cases on Page 2
2026-01-29 12:37:07,769 - 🛑 No more results for UAPA. Moving to next.
2026-01-29 12:37:07,769 - 🔎 Domain: PMLA
2026-01-29 12:37:07,769 -    📄 Scanning Page 0...
2026-01-29 12:37:12,728 -       ⚠️ No valid cases on Page 0
2026-01-29 12:37:12,728 -    📄 Scanning Page 1...
2026-01-29 12:37:16,978 -       ⚠️ No valid cases on Page 1
2026-01-29 12:37:16,978 -    📄 Scanning Page 2...
2026-01-29 12:37:21,375 -       ⚠️ No valid cases on Page 2
2026-01-29 12:37:21,375 - 🛑 No more results for PMLA. Moving to next.
2026-01-29 12:37:21,375 - 🔎 Domain: economic
2026-01-29 12:37:21,375 -    📄 Scanning Page 0...
2026-01-29 12:37:26,173 -       ⚠️ No valid cases on Page 0
2026-01-29 12:37:26,173 -    📄 Scanning Page 1...
2026-01-29 12:37:30,389 -       ⚠️ No valid cases on Page 1
2026-01-29 12:37:30,389 -    📄 Scanning Page 2...
2026-01-29 12:37:35,309 -       ⚠️ No valid cases on Page 2
2026-01-29 12:37:35,309 - 🛑 No more results for economic. Moving to next.
2026-01-29 12:38:40,010 - 🚀 Starting Debug Ingestion...
2026-01-29 12:38:40,010 - 🔎 Domain: IPC
2026-01-29 12:38:40,010 -    📄 Scanning Page 0...
2026-01-29 12:38:44,204 -       ⚠️ No valid cases! Dumping page content to 'debug_view.html'...
2026-01-29 12:38:44,204 -       🛑 STOPPING. Please open 'debug_view.html' to see the ban message.
2026-01-29 12:43:56,135 - 🚀 Starting Corrected Ingestion...
2026-01-29 12:43:56,136 - 🔎 Domain: IPC
2026-01-29 12:43:56,136 -    📄 Scanning Page 0...
2026-01-29 12:43:58,720 -       [Page Title]: bail IPC  doctypes: highcourts
2026-01-29 12:43:58,720 -       ⚠️ No cases found on Page 0. (Check Title above!)
2026-01-29 12:43:58,720 -    📄 Scanning Page 1...
2026-01-29 12:44:01,578 -       [Page Title]: bail IPC  doctypes: highcourts
2026-01-29 12:44:01,581 -       ⚠️ No cases found on Page 1. (Check Title above!)
2026-01-29 12:44:01,581 -    📄 Scanning Page 2...
2026-01-29 12:44:05,314 -       [Page Title]: bail IPC  doctypes: highcourts
2026-01-29 12:44:05,319 -       ⚠️ No cases found on Page 2. (Check Title above!)
2026-01-29 12:44:05,319 -    📄 Scanning Page 3...
2026-01-29 12:44:09,422 -       [Page Title]: bail IPC  doctypes: highcourts
2026-01-29 12:44:09,422 -       ⚠️ No cases found on Page 3. (Check Title above!)
2026-01-29 12:44:09,422 -    📄 Scanning Page 4...
2026-01-29 12:44:13,798 -       [Page Title]: bail IPC  doctypes: highcourts
2026-01-29 12:44:13,798 -       ⚠️ No cases found on Page 4. (Check Title above!)
2026-01-29 12:44:13,814 -    📄 Scanning Page 5...
2026-01-29 12:44:20,657 -       [Page Title]: bail IPC  doctypes: highcourts
2026-01-29 12:44:20,674 -       ⚠️ No cases found on Page 5. (Check Title above!)
2026-01-29 12:44:20,674 -    📄 Scanning Page 6...
2026-01-29 12:44:29,377 -       [Page Title]: bail IPC  doctypes: highcourts
2026-01-29 12:44:29,386 -       ⚠️ No cases found on Page 6. (Check Title above!)
2026-01-29 12:44:29,387 -    📄 Scanning Page 7...
2026-01-29 12:44:38,032 -       [Page Title]: bail IPC  doctypes: highcourts
2026-01-29 12:44:38,054 -       ⚠️ No cases found on Page 7. (Check Title above!)
2026-01-29 12:44:38,054 -    📄 Scanning Page 8...
2026-01-29 12:44:45,033 -       [Page Title]: bail IPC  doctypes: highcourts
2026-01-29 12:44:45,033 -       ⚠️ No cases found on Page 8. (Check Title above!)
2026-01-29 12:44:45,033 -    📄 Scanning Page 9...
2026-01-29 12:44:53,263 -       [Page Title]: bail IPC  doctypes: highcourts
2026-01-29 12:44:53,267 -       ⚠️ No cases found on Page 9. (Check Title above!)
2026-01-29 12:44:53,267 -    📄 Scanning Page 10...
2026-01-29 12:45:00,287 -       [Page Title]: bail IPC  doctypes: highcourts
2026-01-29 12:45:00,287 -       ⚠️ No cases found on Page 10. (Check Title above!)
2026-01-29 12:45:00,287 -    📄 Scanning Page 11...
2026-01-29 12:45:08,709 -       [Page Title]: bail IPC  doctypes: highcourts
2026-01-29 12:45:08,716 -       ⚠️ No cases found on Page 11. (Check Title above!)
2026-01-29 12:45:08,716 -    📄 Scanning Page 12...
2026-01-29 12:45:16,848 -       [Page Title]: bail IPC  doctypes: highcourts
2026-01-29 12:45:16,855 -       ⚠️ No cases found on Page 12. (Check Title above!)
2026-01-29 12:45:16,856 -    📄 Scanning Page 13...
2026-01-29 12:45:24,938 -       [Page Title]: bail IPC  doctypes: highcourts
2026-01-29 12:45:24,956 -       ⚠️ No cases found on Page 13. (Check Title above!)
2026-01-29 12:45:24,956 -    📄 Scanning Page 14...
2026-01-29 12:45:33,430 -       [Page Title]: bail IPC  doctypes: highcourts
2026-01-29 12:45:33,439 -       ⚠️ No cases found on Page 14. (Check Title above!)
2026-01-29 12:45:33,439 -    📄 Scanning Page 15...
2026-01-29 12:45:40,922 -       [Page Title]: bail IPC  doctypes: highcourts
2026-01-29 12:45:40,935 -       ⚠️ No cases found on Page 15. (Check Title above!)
2026-01-29 12:45:40,935 -    📄 Scanning Page 16...
2026-01-29 12:45:48,685 -       [Page Title]: bail IPC  doctypes: highcourts
2026-01-29 12:45:48,688 -       ⚠️ No cases found on Page 16. (Check Title above!)
2026-01-29 12:45:48,688 -    📄 Scanning Page 17...
2026-01-29 12:45:52,075 - 🚀 Starting Volume Ingestion (Lax Mode)...
2026-01-29 12:45:52,076 - 🔎 Domain: IPC | Query: bail IPC doctypes:highcourts
2026-01-29 12:45:52,076 -    📄 Scanning Page 0...
2026-01-29 12:45:57,527 -       ⚠️ No cases on Page 0. [Title: bail IPC  doctypes: highcourts]
2026-01-29 12:45:57,527 -    📄 Scanning Page 1...
2026-01-29 12:46:02,949 -       ⚠️ No cases on Page 1. [Title: bail IPC  doctypes: highcourts]
2026-01-29 12:46:02,949 -    📄 Scanning Page 2...
2026-01-29 12:46:05,933 -       ⚠️ No cases on Page 2. [Title: bail IPC  doctypes: highcourts]
2026-01-29 12:46:05,933 -    📄 Scanning Page 3...
2026-01-29 12:46:09,325 -       ⚠️ No cases on Page 3. [Title: bail IPC  doctypes: highcourts]
2026-01-29 12:46:09,326 -    📄 Scanning Page 4...
2026-01-29 12:46:12,076 -       ⚠️ No cases on Page 4. [Title: bail IPC  doctypes: highcourts]
2026-01-29 12:46:12,076 -    📄 Scanning Page 5...
2026-01-29 12:46:21,497 -       ⚠️ No cases on Page 5. [Title: bail IPC  doctypes: highcourts]
2026-01-29 12:46:21,497 -    📄 Scanning Page 6...
2026-01-29 12:46:30,307 -       ⚠️ No cases on Page 6. [Title: bail IPC  doctypes: highcourts]
2026-01-29 12:46:30,307 -    📄 Scanning Page 7...
2026-01-29 12:46:40,157 -       ⚠️ No cases on Page 7. [Title: bail IPC  doctypes: highcourts]
2026-01-29 12:46:40,157 -    📄 Scanning Page 8...
2026-01-29 12:46:48,098 -       ⚠️ No cases on Page 8. [Title: bail IPC  doctypes: highcourts]
2026-01-29 12:46:48,098 -    📄 Scanning Page 9...
2026-01-29 12:46:56,173 -       ⚠️ No cases on Page 9. [Title: bail IPC  doctypes: highcourts]
2026-01-29 12:46:56,174 -    📄 Scanning Page 10...
2026-01-29 12:47:03,416 -       ⚠️ No cases on Page 10. [Title: bail IPC  doctypes: highcourts]
2026-01-29 12:47:03,416 -    📄 Scanning Page 11...
2026-01-29 12:47:11,060 -       ⚠️ No cases on Page 11. [Title: bail IPC  doctypes: highcourts]
2026-01-29 12:47:11,061 -    📄 Scanning Page 12...
2026-01-29 12:47:20,209 -       ⚠️ No cases on Page 12. [Title: bail IPC  doctypes: highcourts]
2026-01-29 12:47:20,210 -    📄 Scanning Page 13...
2026-01-29 12:47:27,281 -       ⚠️ No cases on Page 13. [Title: bail IPC  doctypes: highcourts]
2026-01-29 12:47:27,281 -    📄 Scanning Page 14...
